../Core/Src/stm32f4xx_it.c:34:6:NMI_Handler	4	static
../Core/Src/stm32f4xx_it.c:49:6:HardFault_Handler	4	static
../Core/Src/stm32f4xx_it.c:64:6:MemManage_Handler	4	static
../Core/Src/stm32f4xx_it.c:79:6:BusFault_Handler	4	static
../Core/Src/stm32f4xx_it.c:94:6:UsageFault_Handler	4	static
../Core/Src/stm32f4xx_it.c:109:6:SVC_Handler	4	static
../Core/Src/stm32f4xx_it.c:122:6:DebugMon_Handler	4	static
../Core/Src/stm32f4xx_it.c:135:6:PendSV_Handler	4	static
../Core/Src/stm32f4xx_it.c:148:6:SysTick_Handler	8	static
../Core/Src/stm32f4xx_it.c:167:6:EXTI15_10_IRQHandler	4	static
../Core/Src/stm32f4xx_it.c:174:6:DMA1_Stream5_IRQHandler	16	static
../Core/Src/stm32f4xx_it.c:186:6:DMA1_Stream6_IRQHandler	16	static
