10:42:46 **** Incremental Build of configuration Debug for project DMA_TP1 ****
make -j12 all 
arm-none-eabi-gcc "../Core/Src/stm32f4xx_it.c" -mcpu=cortex-m4 -std=gnu11 -g3 -DDEBUG -DUSE_HAL_DRIVER -DSTM32F446xx -c -I../Core/Inc -I../Drivers/STM32F4xx_HAL_Driver/Inc -I../Drivers/STM32F4xx_HAL_Driver/Inc/Legacy -I../Drivers/CMSIS/Device/ST/STM32F4xx/Include -I../Drivers/CMSIS/Include -O0 -ffunction-sections -fdata-sections -Wall -fstack-usage -MMD -MP -MF"Core/Src/stm32f4xx_it.d" -MT"Core/Src/stm32f4xx_it.o" --specs=nano.specs -mfpu=fpv4-sp-d16 -mfloat-abi=hard -mthumb -o "Core/Src/stm32f4xx_it.o"
arm-none-eabi-gcc -o "DMA_TP1.elf" @"objects.list"   -mcpu=cortex-m4 -T"D:\Users\hugop\Documents\GitHub\STM32\MASTER_ESET_DMA\DMA_TP1\STM32F446RETX_FLASH.ld" --specs=nosys.specs -Wl,-Map="DMA_TP1.map" -Wl,--gc-sections -static --specs=nano.specs -mfpu=fpv4-sp-d16 -mfloat-abi=hard -mthumb -Wl,--start-group -lc -lm -Wl,--end-group
Finished building target: DMA_TP1.elf
 
arm-none-eabi-size   DMA_TP1.elf 
arm-none-eabi-objdump -h -S  DMA_TP1.elf  > "DMA_TP1.list"
   text	   data	    bss	    dec	    hex	filename
   2748	     32	   1568	   4348	   10fc	DMA_TP1.elf
Finished building: default.size.stdout
 
Finished building: DMA_TP1.list
 

10:42:47 Build Finished. 0 errors, 0 warnings. (took 786ms)

