09:44:06 **** Incremental Build of configuration Debug for project DMA_TP1 ****
make -j12 all 
arm-none-eabi-gcc "../Core/Src/main.c" -mcpu=cortex-m4 -std=gnu11 -g3 -DDEBUG -DUSE_HAL_DRIVER -DSTM32F446xx -c -I../Core/Inc -I../Drivers/STM32F4xx_HAL_Driver/Inc -I../Drivers/STM32F4xx_HAL_Driver/Inc/Legacy -I../Drivers/CMSIS/Device/ST/STM32F4xx/Include -I../Drivers/CMSIS/Include -O0 -ffunction-sections -fdata-sections -Wall -fstack-usage -MMD -MP -MF"Core/Src/main.d" -MT"Core/Src/main.o" --specs=nano.specs -mfpu=fpv4-sp-d16 -mfloat-abi=hard -mthumb -o "Core/Src/main.o"
../Core/Src/main.c: In function '__io_putchar':
../Core/Src/main.c:20:1: warning: control reaches end of non-void function [-Wreturn-type]
   20 | }
      | ^
arm-none-eabi-gcc -o "DMA_TP1.elf" @"objects.list"   -mcpu=cortex-m4 -T"D:\Users\hugop\Documents\GitHub\STM32\MASTER_ESET_DMA\DMA_TP1\STM32F446RETX_FLASH.ld" --specs=nosys.specs -Wl,-Map="DMA_TP1.map" -Wl,--gc-sections -static --specs=nano.specs -mfpu=fpv4-sp-d16 -mfloat-abi=hard -mthumb -Wl,--start-group -lc -lm -Wl,--end-group
Finished building target: DMA_TP1.elf
 
arm-none-eabi-size   DMA_TP1.elf 
arm-none-eabi-objdump -h -S  DMA_TP1.elf  > "DMA_TP1.list"
   text	   data	    bss	    dec	    hex	filename
   2444	     20	   1572	   4036	    fc4	DMA_TP1.elf
Finished building: default.size.stdout
 
Finished building: DMA_TP1.list
 
09:44:12 **** Incremental Build of configuration Debug for project DMA_TP1 ****
make -j12 all 
arm-none-eabi-size   DMA_TP1.elf 
   text	   data	    bss	    dec	    hex	filename
   2444	     20	   1572	   4036	    fc4	DMA_TP1.elf
Finished building: default.size.stdout
 
