08:31:52 **** Incremental Build of configuration Debug for project DMA_TP1 ****
make -j12 all 
arm-none-eabi-gcc "../Core/Src/stm32f4xx_it.c" -mcpu=cortex-m4 -std=gnu11 -g3 -DDEBUG -DUSE_HAL_DRIVER -DSTM32F446xx -c -I../Core/Inc -I../Drivers/STM32F4xx_HAL_Driver/Inc -I../Drivers/STM32F4xx_HAL_Driver/Inc/Legacy -I../Drivers/CMSIS/Device/ST/STM32F4xx/Include -I../Drivers/CMSIS/Include -O0 -ffunction-sections -fdata-sections -Wall -fstack-usage -MMD -MP -MF"Core/Src/stm32f4xx_it.d" -MT"Core/Src/stm32f4xx_it.o" --specs=nano.specs -mfpu=fpv4-sp-d16 -mfloat-abi=hard -mthumb -o "Core/Src/stm32f4xx_it.o"
arm-none-eabi-gcc -o "DMA_TP1.elf" @"objects.list"   -mcpu=cortex-m4 -T"D:\Users\hugop\Documents\GitHub\STM32\MASTER_ESET_DMA\DMA_TP1\STM32F446RETX_FLASH.ld" --specs=nosys.specs -Wl,-Map="DMA_TP1.map" -Wl,--gc-sections -static --specs=nano.specs -mfpu=fpv4-sp-d16 -mfloat-abi=hard -mthumb -Wl,--start-group -lc -lm -Wl,--end-group
Finished building target: DMA_TP1.elf
 
arm-none-eabi-size   DMA_TP1.elf 
arm-none-eabi-objdump -h -S  DMA_TP1.elf  > "DMA_TP1.list"
   text	   data	    bss	    dec	    hex	filename
   2632	     20	   1572	   4224	   1080	DMA_TP1.elf
Finished building: default.size.stdout
 
Finished building: DMA_TP1.list
 
08:32:04 **** Incremental Build of configuration Debug for project DMA_TP1 ****
make -j12 all 
arm-none-eabi-size   DMA_TP1.elf 
   text	   data	    bss	    dec	    hex	filename
   2632	     20	   1572	   4224	   1080	DMA_TP1.elf
Finished building: default.size.stdout
 
08:37:39 **** Incremental Build of configuration Debug for project DMA_TP1 ****
make -j12 all 
arm-none-eabi-gcc "../Core/Src/main.c" -mcpu=cortex-m4 -std=gnu11 -g3 -DDEBUG -DUSE_HAL_DRIVER -DSTM32F446xx -c -I../Core/Inc -I../Drivers/STM32F4xx_HAL_Driver/Inc -I../Drivers/STM32F4xx_HAL_Driver/Inc/Legacy -I../Drivers/CMSIS/Device/ST/STM32F4xx/Include -I../Drivers/CMSIS/Include -O0 -ffunction-sections -fdata-sections -Wall -fstack-usage -MMD -MP -MF"Core/Src/main.d" -MT"Core/Src/main.o" --specs=nano.specs -mfpu=fpv4-sp-d16 -mfloat-abi=hard -mthumb -o "Core/Src/main.o"
../Core/Src/main.c: In function 'main':
../Core/Src/main.c:37:23: warning: assignment to 'uint32_t' {aka 'volatile long unsigned int'} from 'volatile uint32_t *' {aka 'volatile long unsigned int *'} makes integer from pointer without a cast [-Wint-conversion]
   37 |     DMA1_Stream6->PAR = &USART2->DR;         // peripheral memory address
      |                       ^
../Core/Src/main.c:38:24: warning: assignment to 'uint32_t' {aka 'volatile long unsigned int'} from 'uint8_t *' {aka 'unsigned char *'} makes integer from pointer without a cast [-Wint-conversion]
   38 |     DMA1_Stream6->M0AR = table0;             // data memory address
      |                        ^
../Core/Src/main.c: In function '__io_putchar':
../Core/Src/main.c:20:1: warning: control reaches end of non-void function [-Wreturn-type]
   20 | }
      | ^
arm-none-eabi-gcc -o "DMA_TP1.elf" @"objects.list"   -mcpu=cortex-m4 -T"D:\Users\hugop\Documents\GitHub\STM32\MASTER_ESET_DMA\DMA_TP1\STM32F446RETX_FLASH.ld" --specs=nosys.specs -Wl,-Map="DMA_TP1.map" -Wl,--gc-sections -static --specs=nano.specs -mfpu=fpv4-sp-d16 -mfloat-abi=hard -mthumb -Wl,--start-group -lc -lm -Wl,--end-group
Finished building target: DMA_TP1.elf
 
arm-none-eabi-size   DMA_TP1.elf 
arm-none-eabi-objdump -h -S  DMA_TP1.elf  > "DMA_TP1.list"
   text	   data	    bss	    dec	    hex	filename
   2632	     20	   1572	   4224	   1080	DMA_TP1.elf
Finished building: default.size.stdout
 
Finished building: DMA_TP1.list
 
08:38:40 **** Incremental Build of configuration Debug for project DMA_TP1 ****
make -j12 all 
arm-none-eabi-gcc "../Core/Src/main.c" -mcpu=cortex-m4 -std=gnu11 -g3 -DDEBUG -DUSE_HAL_DRIVER -DSTM32F446xx -c -I../Core/Inc -I../Drivers/STM32F4xx_HAL_Driver/Inc -I../Drivers/STM32F4xx_HAL_Driver/Inc/Legacy -I../Drivers/CMSIS/Device/ST/STM32F4xx/Include -I../Drivers/CMSIS/Include -O0 -ffunction-sections -fdata-sections -Wall -fstack-usage -MMD -MP -MF"Core/Src/main.d" -MT"Core/Src/main.o" --specs=nano.specs -mfpu=fpv4-sp-d16 -mfloat-abi=hard -mthumb -o "Core/Src/main.o"
../Core/Src/main.c: In function 'main':
../Core/Src/main.c:37:23: warning: assignment to 'uint32_t' {aka 'volatile long unsigned int'} from 'volatile uint32_t *' {aka 'volatile long unsigned int *'} makes integer from pointer without a cast [-Wint-conversion]
   37 |     DMA1_Stream6->PAR = &USART2->DR;         // peripheral memory address
      |                       ^
../Core/Src/main.c:38:24: warning: assignment to 'uint32_t' {aka 'volatile long unsigned int'} from 'uint8_t *' {aka 'unsigned char *'} makes integer from pointer without a cast [-Wint-conversion]
   38 |     DMA1_Stream6->M0AR = table0;             // data memory address
      |                        ^
../Core/Src/main.c: In function '__io_putchar':
../Core/Src/main.c:20:1: warning: control reaches end of non-void function [-Wreturn-type]
   20 | }
      | ^
arm-none-eabi-gcc -o "DMA_TP1.elf" @"objects.list"   -mcpu=cortex-m4 -T"D:\Users\hugop\Documents\GitHub\STM32\MASTER_ESET_DMA\DMA_TP1\STM32F446RETX_FLASH.ld" --specs=nosys.specs -Wl,-Map="DMA_TP1.map" -Wl,--gc-sections -static --specs=nano.specs -mfpu=fpv4-sp-d16 -mfloat-abi=hard -mthumb -Wl,--start-group -lc -lm -Wl,--end-group
Finished building target: DMA_TP1.elf
 
arm-none-eabi-size   DMA_TP1.elf 
arm-none-eabi-objdump -h -S  DMA_TP1.elf  > "DMA_TP1.list"
   text	   data	    bss	    dec	    hex	filename
   2640	     20	   1572	   4232	   1088	DMA_TP1.elf
Finished building: default.size.stdout
 
Finished building: DMA_TP1.list
 
08:39:57 **** Incremental Build of configuration Debug for project DMA_TP1 ****
make -j12 all 
arm-none-eabi-gcc "../Core/Src/main.c" -mcpu=cortex-m4 -std=gnu11 -g3 -DDEBUG -DUSE_HAL_DRIVER -DSTM32F446xx -c -I../Core/Inc -I../Drivers/STM32F4xx_HAL_Driver/Inc -I../Drivers/STM32F4xx_HAL_Driver/Inc/Legacy -I../Drivers/CMSIS/Device/ST/STM32F4xx/Include -I../Drivers/CMSIS/Include -O0 -ffunction-sections -fdata-sections -Wall -fstack-usage -MMD -MP -MF"Core/Src/main.d" -MT"Core/Src/main.o" --specs=nano.specs -mfpu=fpv4-sp-d16 -mfloat-abi=hard -mthumb -o "Core/Src/main.o"
arm-none-eabi-gcc "../Core/Src/stm32f4xx_it.c" -mcpu=cortex-m4 -std=gnu11 -g3 -DDEBUG -DUSE_HAL_DRIVER -DSTM32F446xx -c -I../Core/Inc -I../Drivers/STM32F4xx_HAL_Driver/Inc -I../Drivers/STM32F4xx_HAL_Driver/Inc/Legacy -I../Drivers/CMSIS/Device/ST/STM32F4xx/Include -I../Drivers/CMSIS/Include -O0 -ffunction-sections -fdata-sections -Wall -fstack-usage -MMD -MP -MF"Core/Src/stm32f4xx_it.d" -MT"Core/Src/stm32f4xx_it.o" --specs=nano.specs -mfpu=fpv4-sp-d16 -mfloat-abi=hard -mthumb -o "Core/Src/stm32f4xx_it.o"
../Core/Src/main.c: In function 'main':
../Core/Src/main.c:37:23: warning: assignment to 'uint32_t' {aka 'volatile long unsigned int'} from 'volatile uint32_t *' {aka 'volatile long unsigned int *'} makes integer from pointer without a cast [-Wint-conversion]
   37 |     DMA1_Stream6->PAR = &USART2->DR;         // peripheral memory address
      |                       ^
../Core/Src/main.c:38:24: warning: assignment to 'uint32_t' {aka 'volatile long unsigned int'} from 'uint8_t *' {aka 'unsigned char *'} makes integer from pointer without a cast [-Wint-conversion]
   38 |     DMA1_Stream6->M0AR = table0;             // data memory address
      |                        ^
../Core/Src/main.c: In function '__io_putchar':
../Core/Src/main.c:20:1: warning: control reaches end of non-void function [-Wreturn-type]
   20 | }
      | ^
arm-none-eabi-gcc -o "DMA_TP1.elf" @"objects.list"   -mcpu=cortex-m4 -T"D:\Users\hugop\Documents\GitHub\STM32\MASTER_ESET_DMA\DMA_TP1\STM32F446RETX_FLASH.ld" --specs=nosys.specs -Wl,-Map="DMA_TP1.map" -Wl,--gc-sections -static --specs=nano.specs -mfpu=fpv4-sp-d16 -mfloat-abi=hard -mthumb -Wl,--start-group -lc -lm -Wl,--end-group
Finished building target: DMA_TP1.elf
 
arm-none-eabi-size   DMA_TP1.elf 
arm-none-eabi-objdump -h -S  DMA_TP1.elf  > "DMA_TP1.list"
   text	   data	    bss	    dec	    hex	filename
   2588	     20	   1572	   4180	   1054	DMA_TP1.elf
Finished building: default.size.stdout
 
Finished building: DMA_TP1.list
 
08:41:27 **** Incremental Build of configuration Debug for project DMA_TP1 ****
make -j12 all 
arm-none-eabi-size   DMA_TP1.elf 
   text	   data	    bss	    dec	    hex	filename
   2588	     20	   1572	   4180	   1054	DMA_TP1.elf
Finished building: default.size.stdout
 
08:45:34 **** Incremental Build of configuration Debug for project DMA_TP1 ****
make -j12 all 
arm-none-eabi-gcc "../Core/Src/main.c" -mcpu=cortex-m4 -std=gnu11 -g3 -DDEBUG -DUSE_HAL_DRIVER -DSTM32F446xx -c -I../Core/Inc -I../Drivers/STM32F4xx_HAL_Driver/Inc -I../Drivers/STM32F4xx_HAL_Driver/Inc/Legacy -I../Drivers/CMSIS/Device/ST/STM32F4xx/Include -I../Drivers/CMSIS/Include -O0 -ffunction-sections -fdata-sections -Wall -fstack-usage -MMD -MP -MF"Core/Src/main.d" -MT"Core/Src/main.o" --specs=nano.specs -mfpu=fpv4-sp-d16 -mfloat-abi=hard -mthumb -o "Core/Src/main.o"
arm-none-eabi-gcc "../Core/Src/stm32f4xx_it.c" -mcpu=cortex-m4 -std=gnu11 -g3 -DDEBUG -DUSE_HAL_DRIVER -DSTM32F446xx -c -I../Core/Inc -I../Drivers/STM32F4xx_HAL_Driver/Inc -I../Drivers/STM32F4xx_HAL_Driver/Inc/Legacy -I../Drivers/CMSIS/Device/ST/STM32F4xx/Include -I../Drivers/CMSIS/Include -O0 -ffunction-sections -fdata-sections -Wall -fstack-usage -MMD -MP -MF"Core/Src/stm32f4xx_it.d" -MT"Core/Src/stm32f4xx_it.o" --specs=nano.specs -mfpu=fpv4-sp-d16 -mfloat-abi=hard -mthumb -o "Core/Src/stm32f4xx_it.o"
../Core/Src/main.c: In function 'main':
../Core/Src/main.c:37:24: warning: assignment to 'uint32_t' {aka 'volatile long unsigned int'} from 'volatile uint32_t *' {aka 'volatile long unsigned int *'} makes integer from pointer without a cast [-Wint-conversion]
   37 |     DMA1_Stream6->PAR  =  &USART2->DR;             // peripheral memory address
      |                        ^
../Core/Src/main.c:38:24: warning: assignment to 'uint32_t' {aka 'volatile long unsigned int'} from 'uint8_t *' {aka 'unsigned char *'} makes integer from pointer without a cast [-Wint-conversion]
   38 |     DMA1_Stream6->M0AR =  table0;                  // data memory address
      |                        ^
../Core/Src/main.c: In function '__io_putchar':
../Core/Src/main.c:20:1: warning: control reaches end of non-void function [-Wreturn-type]
   20 | }
      | ^
arm-none-eabi-gcc -o "DMA_TP1.elf" @"objects.list"   -mcpu=cortex-m4 -T"D:\Users\hugop\Documents\GitHub\STM32\MASTER_ESET_DMA\DMA_TP1\STM32F446RETX_FLASH.ld" --specs=nosys.specs -Wl,-Map="DMA_TP1.map" -Wl,--gc-sections -static --specs=nano.specs -mfpu=fpv4-sp-d16 -mfloat-abi=hard -mthumb -Wl,--start-group -lc -lm -Wl,--end-group
Finished building target: DMA_TP1.elf
 
arm-none-eabi-size   DMA_TP1.elf 
arm-none-eabi-objdump -h -S  DMA_TP1.elf  > "DMA_TP1.list"
   text	   data	    bss	    dec	    hex	filename
   2516	     20	   1572	   4108	   100c	DMA_TP1.elf
Finished building: default.size.stdout
 
Finished building: DMA_TP1.list
 
08:47:54 **** Incremental Build of configuration Debug for project DMA_TP1 ****
make -j12 all 
arm-none-eabi-gcc "../Core/Src/main.c" -mcpu=cortex-m4 -std=gnu11 -g3 -DDEBUG -DUSE_HAL_DRIVER -DSTM32F446xx -c -I../Core/Inc -I../Drivers/STM32F4xx_HAL_Driver/Inc -I../Drivers/STM32F4xx_HAL_Driver/Inc/Legacy -I../Drivers/CMSIS/Device/ST/STM32F4xx/Include -I../Drivers/CMSIS/Include -O0 -ffunction-sections -fdata-sections -Wall -fstack-usage -MMD -MP -MF"Core/Src/main.d" -MT"Core/Src/main.o" --specs=nano.specs -mfpu=fpv4-sp-d16 -mfloat-abi=hard -mthumb -o "Core/Src/main.o"
../Core/Src/main.c: In function 'main':
../Core/Src/main.c:38:24: warning: assignment to 'uint32_t' {aka 'volatile long unsigned int'} from 'volatile uint32_t *' {aka 'volatile long unsigned int *'} makes integer from pointer without a cast [-Wint-conversion]
   38 |     DMA1_Stream6->PAR  =  &USART2->DR;             // peripheral memory address
      |                        ^
../Core/Src/main.c:39:24: warning: assignment to 'uint32_t' {aka 'volatile long unsigned int'} from 'uint8_t *' {aka 'unsigned char *'} makes integer from pointer without a cast [-Wint-conversion]
   39 |     DMA1_Stream6->M0AR =  table0;                  // data memory address
      |                        ^
../Core/Src/main.c: In function '__io_putchar':
../Core/Src/main.c:20:1: warning: control reaches end of non-void function [-Wreturn-type]
   20 | }
      | ^
arm-none-eabi-gcc -o "DMA_TP1.elf" @"objects.list"   -mcpu=cortex-m4 -T"D:\Users\hugop\Documents\GitHub\STM32\MASTER_ESET_DMA\DMA_TP1\STM32F446RETX_FLASH.ld" --specs=nosys.specs -Wl,-Map="DMA_TP1.map" -Wl,--gc-sections -static --specs=nano.specs -mfpu=fpv4-sp-d16 -mfloat-abi=hard -mthumb -Wl,--start-group -lc -lm -Wl,--end-group
Finished building target: DMA_TP1.elf
 
arm-none-eabi-size   DMA_TP1.elf 
arm-none-eabi-objdump -h -S  DMA_TP1.elf  > "DMA_TP1.list"
   text	   data	    bss	    dec	    hex	filename
   2528	     20	   1572	   4120	   1018	DMA_TP1.elf
Finished building: default.size.stdout
 
Finished building: DMA_TP1.list
 
08:50:40 **** Incremental Build of configuration Debug for project DMA_TP1 ****
make -j12 all 
arm-none-eabi-gcc "../Core/Src/gpio.c" -mcpu=cortex-m4 -std=gnu11 -g3 -DDEBUG -DUSE_HAL_DRIVER -DSTM32F446xx -c -I../Core/Inc -I../Drivers/STM32F4xx_HAL_Driver/Inc -I../Drivers/STM32F4xx_HAL_Driver/Inc/Legacy -I../Drivers/CMSIS/Device/ST/STM32F4xx/Include -I../Drivers/CMSIS/Include -O0 -ffunction-sections -fdata-sections -Wall -fstack-usage -MMD -MP -MF"Core/Src/gpio.d" -MT"Core/Src/gpio.o" --specs=nano.specs -mfpu=fpv4-sp-d16 -mfloat-abi=hard -mthumb -o "Core/Src/gpio.o"
arm-none-eabi-gcc "../Core/Src/main.c" -mcpu=cortex-m4 -std=gnu11 -g3 -DDEBUG -DUSE_HAL_DRIVER -DSTM32F446xx -c -I../Core/Inc -I../Drivers/STM32F4xx_HAL_Driver/Inc -I../Drivers/STM32F4xx_HAL_Driver/Inc/Legacy -I../Drivers/CMSIS/Device/ST/STM32F4xx/Include -I../Drivers/CMSIS/Include -O0 -ffunction-sections -fdata-sections -Wall -fstack-usage -MMD -MP -MF"Core/Src/main.d" -MT"Core/Src/main.o" --specs=nano.specs -mfpu=fpv4-sp-d16 -mfloat-abi=hard -mthumb -o "Core/Src/main.o"
arm-none-eabi-gcc "../Core/Src/stm32f4xx_it.c" -mcpu=cortex-m4 -std=gnu11 -g3 -DDEBUG -DUSE_HAL_DRIVER -DSTM32F446xx -c -I../Core/Inc -I../Drivers/STM32F4xx_HAL_Driver/Inc -I../Drivers/STM32F4xx_HAL_Driver/Inc/Legacy -I../Drivers/CMSIS/Device/ST/STM32F4xx/Include -I../Drivers/CMSIS/Include -O0 -ffunction-sections -fdata-sections -Wall -fstack-usage -MMD -MP -MF"Core/Src/stm32f4xx_it.d" -MT"Core/Src/stm32f4xx_it.o" --specs=nano.specs -mfpu=fpv4-sp-d16 -mfloat-abi=hard -mthumb -o "Core/Src/stm32f4xx_it.o"
arm-none-eabi-gcc "../Core/Src/usart.c" -mcpu=cortex-m4 -std=gnu11 -g3 -DDEBUG -DUSE_HAL_DRIVER -DSTM32F446xx -c -I../Core/Inc -I../Drivers/STM32F4xx_HAL_Driver/Inc -I../Drivers/STM32F4xx_HAL_Driver/Inc/Legacy -I../Drivers/CMSIS/Device/ST/STM32F4xx/Include -I../Drivers/CMSIS/Include -O0 -ffunction-sections -fdata-sections -Wall -fstack-usage -MMD -MP -MF"Core/Src/usart.d" -MT"Core/Src/usart.o" --specs=nano.specs -mfpu=fpv4-sp-d16 -mfloat-abi=hard -mthumb -o "Core/Src/usart.o"
../Core/Src/main.c: In function 'main':
../Core/Src/main.c:38:24: warning: assignment to 'uint32_t' {aka 'volatile long unsigned int'} from 'volatile uint32_t *' {aka 'volatile long unsigned int *'} makes integer from pointer without a cast [-Wint-conversion]
   38 |     DMA1_Stream6->PAR  =  &USART2->DR;             // peripheral memory address
      |                        ^
../Core/Src/main.c:39:24: warning: assignment to 'uint32_t' {aka 'volatile long unsigned int'} from 'uint8_t *' {aka 'unsigned char *'} makes integer from pointer without a cast [-Wint-conversion]
   39 |     DMA1_Stream6->M0AR =  table0;                  // data memory address
      |                        ^
../Core/Src/main.c: In function '__io_putchar':
../Core/Src/main.c:20:1: warning: control reaches end of non-void function [-Wreturn-type]
   20 | }
      | ^
arm-none-eabi-gcc -o "DMA_TP1.elf" @"objects.list"   -mcpu=cortex-m4 -T"D:\Users\hugop\Documents\GitHub\STM32\MASTER_ESET_DMA\DMA_TP1\STM32F446RETX_FLASH.ld" --specs=nosys.specs -Wl,-Map="DMA_TP1.map" -Wl,--gc-sections -static --specs=nano.specs -mfpu=fpv4-sp-d16 -mfloat-abi=hard -mthumb -Wl,--start-group -lc -lm -Wl,--end-group
Finished building target: DMA_TP1.elf
 
arm-none-eabi-size   DMA_TP1.elf 
arm-none-eabi-objdump -h -S  DMA_TP1.elf  > "DMA_TP1.list"
   text	   data	    bss	    dec	    hex	filename
   2532	     16	   1568	   4116	   1014	DMA_TP1.elf
Finished building: default.size.stdout
 
Finished building: DMA_TP1.list
 
09:00:26 **** Incremental Build of configuration Debug for project DMA_TP1 ****
make -j12 all 
arm-none-eabi-gcc "../Core/Src/main.c" -mcpu=cortex-m4 -std=gnu11 -g3 -DDEBUG -DUSE_HAL_DRIVER -DSTM32F446xx -c -I../Core/Inc -I../Drivers/STM32F4xx_HAL_Driver/Inc -I../Drivers/STM32F4xx_HAL_Driver/Inc/Legacy -I../Drivers/CMSIS/Device/ST/STM32F4xx/Include -I../Drivers/CMSIS/Include -O0 -ffunction-sections -fdata-sections -Wall -fstack-usage -MMD -MP -MF"Core/Src/main.d" -MT"Core/Src/main.o" --specs=nano.specs -mfpu=fpv4-sp-d16 -mfloat-abi=hard -mthumb -o "Core/Src/main.o"
arm-none-eabi-gcc "../Core/Src/stm32f4xx_it.c" -mcpu=cortex-m4 -std=gnu11 -g3 -DDEBUG -DUSE_HAL_DRIVER -DSTM32F446xx -c -I../Core/Inc -I../Drivers/STM32F4xx_HAL_Driver/Inc -I../Drivers/STM32F4xx_HAL_Driver/Inc/Legacy -I../Drivers/CMSIS/Device/ST/STM32F4xx/Include -I../Drivers/CMSIS/Include -O0 -ffunction-sections -fdata-sections -Wall -fstack-usage -MMD -MP -MF"Core/Src/stm32f4xx_it.d" -MT"Core/Src/stm32f4xx_it.o" --specs=nano.specs -mfpu=fpv4-sp-d16 -mfloat-abi=hard -mthumb -o "Core/Src/stm32f4xx_it.o"
../Core/Src/main.c: In function 'main':
../Core/Src/main.c:39:24: warning: assignment to 'uint32_t' {aka 'volatile long unsigned int'} from 'volatile uint32_t *' {aka 'volatile long unsigned int *'} makes integer from pointer without a cast [-Wint-conversion]
   39 |     DMA1_Stream6->PAR  =  &USART2->DR;             // peripheral memory address
      |                        ^
../Core/Src/main.c:40:24: warning: assignment to 'uint32_t' {aka 'volatile long unsigned int'} from 'uint8_t *' {aka 'unsigned char *'} makes integer from pointer without a cast [-Wint-conversion]
   40 |     DMA1_Stream6->M0AR =  table0;                  // data memory address
      |                        ^
../Core/Src/main.c: In function '__io_putchar':
../Core/Src/main.c:20:1: warning: control reaches end of non-void function [-Wreturn-type]
   20 | }
      | ^
arm-none-eabi-gcc -o "DMA_TP1.elf" @"objects.list"   -mcpu=cortex-m4 -T"D:\Users\hugop\Documents\GitHub\STM32\MASTER_ESET_DMA\DMA_TP1\STM32F446RETX_FLASH.ld" --specs=nosys.specs -Wl,-Map="DMA_TP1.map" -Wl,--gc-sections -static --specs=nano.specs -mfpu=fpv4-sp-d16 -mfloat-abi=hard -mthumb -Wl,--start-group -lc -lm -Wl,--end-group
Finished building target: DMA_TP1.elf
 
arm-none-eabi-size   DMA_TP1.elf 
arm-none-eabi-objdump -h -S  DMA_TP1.elf  > "DMA_TP1.list"
   text	   data	    bss	    dec	    hex	filename
   2544	     16	   1568	   4128	   1020	DMA_TP1.elf
Finished building: default.size.stdout
 
Finished building: DMA_TP1.list
 
09:01:28 **** Incremental Build of configuration Debug for project DMA_TP1 ****
make -j12 all 
arm-none-eabi-gcc "../Core/Src/main.c" -mcpu=cortex-m4 -std=gnu11 -g3 -DDEBUG -DUSE_HAL_DRIVER -DSTM32F446xx -c -I../Core/Inc -I../Drivers/STM32F4xx_HAL_Driver/Inc -I../Drivers/STM32F4xx_HAL_Driver/Inc/Legacy -I../Drivers/CMSIS/Device/ST/STM32F4xx/Include -I../Drivers/CMSIS/Include -O0 -ffunction-sections -fdata-sections -Wall -fstack-usage -MMD -MP -MF"Core/Src/main.d" -MT"Core/Src/main.o" --specs=nano.specs -mfpu=fpv4-sp-d16 -mfloat-abi=hard -mthumb -o "Core/Src/main.o"
../Core/Src/main.c: In function 'main':
../Core/Src/main.c:39:24: warning: assignment to 'uint32_t' {aka 'volatile long unsigned int'} from 'volatile uint32_t *' {aka 'volatile long unsigned int *'} makes integer from pointer without a cast [-Wint-conversion]
   39 |     DMA1_Stream6->PAR  =  &USART2->DR;             // peripheral memory address
      |                        ^
../Core/Src/main.c:40:24: warning: assignment to 'uint32_t' {aka 'volatile long unsigned int'} from 'uint8_t *' {aka 'unsigned char *'} makes integer from pointer without a cast [-Wint-conversion]
   40 |     DMA1_Stream6->M0AR =  table0;                  // data memory address
      |                        ^
../Core/Src/main.c: In function '__io_putchar':
../Core/Src/main.c:20:1: warning: control reaches end of non-void function [-Wreturn-type]
   20 | }
      | ^
arm-none-eabi-gcc -o "DMA_TP1.elf" @"objects.list"   -mcpu=cortex-m4 -T"D:\Users\hugop\Documents\GitHub\STM32\MASTER_ESET_DMA\DMA_TP1\STM32F446RETX_FLASH.ld" --specs=nosys.specs -Wl,-Map="DMA_TP1.map" -Wl,--gc-sections -static --specs=nano.specs -mfpu=fpv4-sp-d16 -mfloat-abi=hard -mthumb -Wl,--start-group -lc -lm -Wl,--end-group
Finished building target: DMA_TP1.elf
 
arm-none-eabi-size   DMA_TP1.elf 
arm-none-eabi-objdump -h -S  DMA_TP1.elf  > "DMA_TP1.list"
   text	   data	    bss	    dec	    hex	filename
   2532	     16	   1568	   4116	   1014	DMA_TP1.elf
Finished building: default.size.stdout
 
Finished building: DMA_TP1.list
 
09:02:00 **** Incremental Build of configuration Debug for project DMA_TP1 ****
make -j12 all 
arm-none-eabi-gcc "../Core/Src/main.c" -mcpu=cortex-m4 -std=gnu11 -g3 -DDEBUG -DUSE_HAL_DRIVER -DSTM32F446xx -c -I../Core/Inc -I../Drivers/STM32F4xx_HAL_Driver/Inc -I../Drivers/STM32F4xx_HAL_Driver/Inc/Legacy -I../Drivers/CMSIS/Device/ST/STM32F4xx/Include -I../Drivers/CMSIS/Include -O0 -ffunction-sections -fdata-sections -Wall -fstack-usage -MMD -MP -MF"Core/Src/main.d" -MT"Core/Src/main.o" --specs=nano.specs -mfpu=fpv4-sp-d16 -mfloat-abi=hard -mthumb -o "Core/Src/main.o"
../Core/Src/main.c: In function 'main':
../Core/Src/main.c:39:24: warning: assignment to 'uint32_t' {aka 'volatile long unsigned int'} from 'volatile uint32_t *' {aka 'volatile long unsigned int *'} makes integer from pointer without a cast [-Wint-conversion]
   39 |     DMA1_Stream6->PAR  =  &USART2->DR;             // peripheral memory address
      |                        ^
../Core/Src/main.c:40:24: warning: assignment to 'uint32_t' {aka 'volatile long unsigned int'} from 'uint8_t *' {aka 'unsigned char *'} makes integer from pointer without a cast [-Wint-conversion]
   40 |     DMA1_Stream6->M0AR =  table0;                  // data memory address
      |                        ^
../Core/Src/main.c: In function '__io_putchar':
../Core/Src/main.c:20:1: warning: control reaches end of non-void function [-Wreturn-type]
   20 | }
      | ^
arm-none-eabi-gcc -o "DMA_TP1.elf" @"objects.list"   -mcpu=cortex-m4 -T"D:\Users\hugop\Documents\GitHub\STM32\MASTER_ESET_DMA\DMA_TP1\STM32F446RETX_FLASH.ld" --specs=nosys.specs -Wl,-Map="DMA_TP1.map" -Wl,--gc-sections -static --specs=nano.specs -mfpu=fpv4-sp-d16 -mfloat-abi=hard -mthumb -Wl,--start-group -lc -lm -Wl,--end-group
Finished building target: DMA_TP1.elf
 
arm-none-eabi-size   DMA_TP1.elf 
arm-none-eabi-objdump -h -S  DMA_TP1.elf  > "DMA_TP1.list"
   text	   data	    bss	    dec	    hex	filename
   2544	     16	   1568	   4128	   1020	DMA_TP1.elf
Finished building: default.size.stdout
 
Finished building: DMA_TP1.list
 
09:04:01 **** Incremental Build of configuration Debug for project DMA_TP1 ****
make -j12 all 
arm-none-eabi-gcc "../Core/Src/main.c" -mcpu=cortex-m4 -std=gnu11 -g3 -DDEBUG -DUSE_HAL_DRIVER -DSTM32F446xx -c -I../Core/Inc -I../Drivers/STM32F4xx_HAL_Driver/Inc -I../Drivers/STM32F4xx_HAL_Driver/Inc/Legacy -I../Drivers/CMSIS/Device/ST/STM32F4xx/Include -I../Drivers/CMSIS/Include -O0 -ffunction-sections -fdata-sections -Wall -fstack-usage -MMD -MP -MF"Core/Src/main.d" -MT"Core/Src/main.o" --specs=nano.specs -mfpu=fpv4-sp-d16 -mfloat-abi=hard -mthumb -o "Core/Src/main.o"
../Core/Src/main.c: In function 'main':
../Core/Src/main.c:39:24: warning: assignment to 'uint32_t' {aka 'volatile long unsigned int'} from 'volatile uint32_t *' {aka 'volatile long unsigned int *'} makes integer from pointer without a cast [-Wint-conversion]
   39 |     DMA1_Stream6->PAR  =  &USART2->DR;             // peripheral memory address
      |                        ^
../Core/Src/main.c:40:24: warning: assignment to 'uint32_t' {aka 'volatile long unsigned int'} from 'uint8_t *' {aka 'unsigned char *'} makes integer from pointer without a cast [-Wint-conversion]
   40 |     DMA1_Stream6->M0AR =  table0;                  // data memory address
      |                        ^
../Core/Src/main.c: In function '__io_putchar':
../Core/Src/main.c:20:1: warning: control reaches end of non-void function [-Wreturn-type]
   20 | }
      | ^
arm-none-eabi-gcc -o "DMA_TP1.elf" @"objects.list"   -mcpu=cortex-m4 -T"D:\Users\hugop\Documents\GitHub\STM32\MASTER_ESET_DMA\DMA_TP1\STM32F446RETX_FLASH.ld" --specs=nosys.specs -Wl,-Map="DMA_TP1.map" -Wl,--gc-sections -static --specs=nano.specs -mfpu=fpv4-sp-d16 -mfloat-abi=hard -mthumb -Wl,--start-group -lc -lm -Wl,--end-group
Finished building target: DMA_TP1.elf
 
arm-none-eabi-size   DMA_TP1.elf 
arm-none-eabi-objdump -h -S  DMA_TP1.elf  > "DMA_TP1.list"
   text	   data	    bss	    dec	    hex	filename
   2552	     16	   1568	   4136	   1028	DMA_TP1.elf
Finished building: default.size.stdout
 
Finished building: DMA_TP1.list
 
09:05:42 **** Incremental Build of configuration Debug for project DMA_TP1 ****
make -j12 all 
arm-none-eabi-gcc "../Core/Src/main.c" -mcpu=cortex-m4 -std=gnu11 -g3 -DDEBUG -DUSE_HAL_DRIVER -DSTM32F446xx -c -I../Core/Inc -I../Drivers/STM32F4xx_HAL_Driver/Inc -I../Drivers/STM32F4xx_HAL_Driver/Inc/Legacy -I../Drivers/CMSIS/Device/ST/STM32F4xx/Include -I../Drivers/CMSIS/Include -O0 -ffunction-sections -fdata-sections -Wall -fstack-usage -MMD -MP -MF"Core/Src/main.d" -MT"Core/Src/main.o" --specs=nano.specs -mfpu=fpv4-sp-d16 -mfloat-abi=hard -mthumb -o "Core/Src/main.o"
arm-none-eabi-gcc "../Core/Src/stm32f4xx_it.c" -mcpu=cortex-m4 -std=gnu11 -g3 -DDEBUG -DUSE_HAL_DRIVER -DSTM32F446xx -c -I../Core/Inc -I../Drivers/STM32F4xx_HAL_Driver/Inc -I../Drivers/STM32F4xx_HAL_Driver/Inc/Legacy -I../Drivers/CMSIS/Device/ST/STM32F4xx/Include -I../Drivers/CMSIS/Include -O0 -ffunction-sections -fdata-sections -Wall -fstack-usage -MMD -MP -MF"Core/Src/stm32f4xx_it.d" -MT"Core/Src/stm32f4xx_it.o" --specs=nano.specs -mfpu=fpv4-sp-d16 -mfloat-abi=hard -mthumb -o "Core/Src/stm32f4xx_it.o"
../Core/Src/main.c: In function 'main':
../Core/Src/main.c:39:24: warning: assignment to 'uint32_t' {aka 'volatile long unsigned int'} from 'volatile uint32_t *' {aka 'volatile long unsigned int *'} makes integer from pointer without a cast [-Wint-conversion]
   39 |     DMA1_Stream6->PAR  =  &USART2->DR;             // peripheral memory address
      |                        ^
../Core/Src/main.c:40:24: warning: assignment to 'uint32_t' {aka 'volatile long unsigned int'} from 'uint8_t *' {aka 'unsigned char *'} makes integer from pointer without a cast [-Wint-conversion]
   40 |     DMA1_Stream6->M0AR =  table0;                  // data memory address
      |                        ^
../Core/Src/main.c: In function '__io_putchar':
../Core/Src/main.c:20:1: warning: control reaches end of non-void function [-Wreturn-type]
   20 | }
      | ^
arm-none-eabi-gcc -o "DMA_TP1.elf" @"objects.list"   -mcpu=cortex-m4 -T"D:\Users\hugop\Documents\GitHub\STM32\MASTER_ESET_DMA\DMA_TP1\STM32F446RETX_FLASH.ld" --specs=nosys.specs -Wl,-Map="DMA_TP1.map" -Wl,--gc-sections -static --specs=nano.specs -mfpu=fpv4-sp-d16 -mfloat-abi=hard -mthumb -Wl,--start-group -lc -lm -Wl,--end-group
Finished building target: DMA_TP1.elf
 
arm-none-eabi-size   DMA_TP1.elf 
arm-none-eabi-objdump -h -S  DMA_TP1.elf  > "DMA_TP1.list"
   text	   data	    bss	    dec	    hex	filename
   2552	     16	   1568	   4136	   1028	DMA_TP1.elf
Finished building: default.size.stdout
 
Finished building: DMA_TP1.list
 
09:07:32 **** Incremental Build of configuration Debug for project DMA_TP1 ****
make -j12 all 
arm-none-eabi-size   DMA_TP1.elf 
   text	   data	    bss	    dec	    hex	filename
   2552	     16	   1568	   4136	   1028	DMA_TP1.elf
Finished building: default.size.stdout
 
